[elcioportfolio.vercel.app/index.html]
[elcioportfolio.vercel.app/_next/static/css/5d379dcae9c6a366.css]
[elcioportfolio.vercel.app/_next/static/chunks/webpack-a785c941f80c2152.js]
[elcioportfolio.vercel.app/_next/static/chunks/fd9d1056-dfc0d8741092951e.js]
[elcioportfolio.vercel.app/_next/static/chunks/23-04a98523db97e20f.js]
[elcioportfolio.vercel.app/_next/static/chunks/main-app-f73cdb3bce740b12.js]
[elcioportfolio.vercel.app/_next/static/chunks/8e1d74a4-00c9bd7f321b47ad.js]
[elcioportfolio.vercel.app/_next/static/chunks/94730671-2c047c359afcb8cf.js]
[elcioportfolio.vercel.app/_next/static/chunks/5e22fd23-8054125263c9cfa7.js]
[elcioportfolio.vercel.app/_next/static/chunks/b563f954-2ccf5d631a1a525d.js]
[elcioportfolio.vercel.app/_next/static/chunks/53c13509-102dc6addcc0ff3c.js]
[elcioportfolio.vercel.app/_next/static/chunks/3d47b92a-7a5db5a21104a612.js]
[elcioportfolio.vercel.app/_next/static/chunks/479ba886-acefc7ff4f9d7609.js]
[elcioportfolio.vercel.app/_next/static/chunks/853-ddcf6c37022b1031.js]
[elcioportfolio.vercel.app/_next/static/chunks/189-069221bf95386a0c.js]
[elcioportfolio.vercel.app/_next/static/chunks/app/page-88b1423cf7fdbfad.js]
[elcioportfolio.vercel.app/_next/static/chunks/508-67937797a9f71b5a.js]
[backblue.gif]
[fade.gif]
[index.html]
[elcioportfolio.vercel.app/_next/static/chunks/app/layout-ff10f1ed0c729309.js]
[elcioportfolio.vercel.app/favicon.ico]
[elcioportfolio.vercel.app/_next/static/chunks/polyfills-78c92fac7aa8fdd8.js]
[elcioportfolio.vercel.app/_next/logowhite343b.png]
[elcioportfolio.vercel.app/'/img/whatsapp.14.delayed]
[elcioportfolio.vercel.app/'/img/logowhite.15.delayed]
[elcioportfolio.vercel.app/index.html]
[elcioportfolio.vercel.app/_next/static/media/55c55f0601d81cf3-s.woff2]
[elcioportfolio.vercel.app/_next/static/media/26a46d62cd723877-s.woff2]
[elcioportfolio.vercel.app/_next/static/media/97e0cb1ae144a2a9-s.woff2]
[elcioportfolio.vercel.app/_next/static/media/581909926a08bbc8-s.woff2]
[elcioportfolio.vercel.app/_next/static/media/df0a9ae256c0569c-s.woff2]
[elcioportfolio.vercel.app/_next/static/media/6d93bde91c0c2823-s.woff2]
[elcioportfolio.vercel.app/_next/static/media/a34f9d1faa5f3315-s.p.woff2]
[elcioportfolio.vercel.app/img/banner.jpg]
[elcioportfolio.vercel.app/img/profile.jpg]
[elcioportfolio.vercel.app/_next/static/css/5d379dcae9c6a366.css]
[elcioportfolio.vercel.app/'/img/whatsapp.html]
[elcioportfolio.vercel.app/'/img/logowhite.html]
